// Jest Snapshot v1, https://goo.gl/fbAQLP

exports[`Collection Item component should render Collectionitem component 1`] = `ShallowWrapper {}`;
