// Jest Snapshot v1, https://goo.gl/fbAQLP

exports[`CheckoutItem component should render CheckoutItem 1`] = `ShallowWrapper {}`;
