// Jest Snapshot v1, https://goo.gl/fbAQLP

exports[`CollectionOverview component should render CollectionOverview 1`] = `ShallowWrapper {}`;
