// Jest Snapshot v1, https://goo.gl/fbAQLP

exports[`Sign In component should render sign-in component 1`] = `ShallowWrapper {}`;
