// Jest Snapshot v1, https://goo.gl/fbAQLP

exports[`FormInput component should render the FormInput component 1`] = `ShallowWrapper {}`;
