// Jest Snapshot v1, https://goo.gl/fbAQLP

exports[`Sign Up component should render sign-up component 1`] = `ShallowWrapper {}`;
