// Jest Snapshot v1, https://goo.gl/fbAQLP

exports[`Directory component should render directory 1`] = `ShallowWrapper {}`;
