// Jest Snapshot v1, https://goo.gl/fbAQLP

exports[`Custom Buttom component should render custom button 1`] = `undefined`;
