// Jest Snapshot v1, https://goo.gl/fbAQLP

exports[`CheckoutItem component should render CartItem 1`] = `ShallowWrapper {}`;
